---
source: rune_trie_snapshots/tests/integration/dfa_iteration.rs
expression: dump
---
size: 10

query: prefix="appel", maxDist=1, prefixMode=0
  appl        dist=1  score=1  numDocs=1
  apple       dist=1  score=1  numDocs=1

query: prefix="banan", maxDist=1, prefixMode=0
  banana      dist=0  score=1  numDocs=1

query: prefix="aple", maxDist=1, prefixMode=0
  ape         dist=1  score=1  numDocs=1
  apple       dist=1  score=1  numDocs=1

query: prefix="bandz", maxDist=1, prefixMode=0
  band        dist=1  score=1  numDocs=1

query: prefix="ca", maxDist=1, prefixMode=0
  cat         dist=0  score=1  numDocs=1
