---
source: rune_trie_snapshots/tests/integration/range_iteration.rs
expression: dump
---
size: 7

query: [apple, cherry)  min="apple" (inc=true)  max="cherry" (inc=false)
  apple       numDocs=1
  apricot     numDocs=1
  banana      numDocs=1
  band        numDocs=1
  bandana     numDocs=1

query: (apple, cherry]  min="apple" (inc=false)  max="cherry" (inc=true)
  apricot     numDocs=1
  banana      numDocs=1
  band        numDocs=1
  bandana     numDocs=1
  cherry      numDocs=1
