---
source: rune_trie_snapshots/tests/integration/incr_mode.rs
expression: out
---
=== step 1: REPLACE-insert "foo" with payload "v1" ===
insert("foo", REPLACE, score=1, numDocs=1, payload="v1") -> OK_NEW
size: 1
entries:
  foo     score=1  numDocs=1  payload="v1"
freecb fired: <none>

=== step 2: INCR-insert "foo" with payload "v2" — old payload still replaced ===
insert("foo", INCR, score=1, numDocs=1, payload="v2") -> OK_UPDATED
size: 1
entries:
  foo     score=2  numDocs=2  payload="v2"
freecb fired (1x):
  "v1"

=== step 3: REPLACE-insert "foo" with payload "v3" — freecb fires on survivor ===
insert("foo", REPLACE, score=3, numDocs=1, payload="v3") -> OK_UPDATED
size: 1
entries:
  foo     score=3  numDocs=3  payload="v3"
freecb fired (1x):
  "v2"

=== step 4: TrieType_Free — surviving payload freed ===
freecb fired (1x):
  "v3"
